// Vitest Snapshot v1, https://vitest.dev/guide/snapshot.html

exports[`SearchWithSelect > render's component properly 1`] = `
<div>
  <div
    class="relative flex flex-1 flex-col"
  >
     
    <div
      class="w-full bg-base-100 px-6 py-[30px] rounded-3xl border border-grey-100"
      data-testid="input-card"
    >
      <div
        class="search-container"
      >
        <div
          class="flex items-center justify-between"
        >
          <div
            class="flex items-center gap-1"
          >
            <div
              class=" text-sm font-normal"
              data-testid="text"
            >
              Test Title
            </div>
          </div>
        </div>
         
        <div
          class="flex items-center"
        >
          <input
            class="input input-ghost h-[30px] w-full text-body p-0 font-normal text-grey-800 disabled:opacity-70 disabled:text-grey-800 disabled:placeholder:text-grey-800/[.2] focus-within:text-grey-800 placeholder:text-grey-800/[.2] focus:outline-none focus-within:border-b-2 focus:bg-transparent placeholder-[#A8A8A8]"
            placeholder="Search..."
          />
           
          <div
            class="search-container relative flex w-fit items-baseline svelte-1efctiy"
            data-testid="select"
            id="select-test title"
          >
            <div
              class="flex h-auto items-center svelte-1efctiy"
            >
               
              <button
                class="w-max"
                data-testid="collapse-button"
                disabled=""
                id=""
              >
                <img
                  alt="Collapse Icon"
                  class="icon-invert rotate-0 transform transition duration-200"
                  src="/images/chevronDownIcon.svg"
                />
              </button>
            </div>
             
          </div>
        </div>
      </div>
    </div>
  </div>
</div>
`;
