// Vitest Snapshot v1, https://vitest.dev/guide/snapshot.html

exports[`SearchWithSelect > render's component properly 1`] = `
<body>
  <div>
    <div
      class="relative flex flex-1 flex-col bg-white"
    >
       
      <div
        class="w-full bg-white px-6 py-[30px] rounded-3xl border border-[#D9DADE]"
        data-testid="input-card"
      >
        <div
          class="search-container"
        >
          <div
            class="flex items-center justify-between"
          >
            <div
              class="flex items-center gap-1"
            >
              <div
                class=" text-sm font-normal"
                data-testid="text"
              >
                Test Title
              </div>
              <!--&lt;Text&gt;-->
            </div>
          </div>
           
          <div
            class="flex items-center"
          >
            <input
              class="input input-ghost h-[30px] w-full text-body p-0 font-normal text-[#030115] disabled:opacity-70 disabled:text-[#030115] disabled:placeholder:text-[#030115]/[.2] focus-within:text-[#030115] placeholder:text-[#030115]/[.2] focus:outline-none focus-within:border-b-2 focus:bg-transparent placeholder-[#A8A8A8]"
              placeholder="Search..."
            />
             
            <div
              class="search-container relative flex w-fit items-baseline s-Q2GksoR5hVxS"
              data-testid="select"
            >
              <div
                class="flex h-auto items-center s-Q2GksoR5hVxS"
              >
                 
                <button
                  class="w-max"
                  data-testid="collapse-button"
                  disabled=""
                  id=""
                >
                  <img
                    alt="Collapse Icon"
                    class="rotate-0 transform transition duration-200"
                    src="/images/chevronDownIcon.svg"
                  />
                </button>
                <!--&lt;CollapseButton&gt;-->
              </div>
               
            </div>
            <!--&lt;Select&gt;-->
          </div>
        </div>
      </div>
      <!--&lt;InputCard&gt;-->
    </div>
    <!--&lt;SearchWithSelect&gt;-->
  </div>
</body>
`;
