// Vitest Snapshot v1, https://vitest.dev/guide/snapshot.html

exports[`SearchBar > render's the component properly 1`] = `
<body>
  <div>
    <div
      class="w-full bg-grey-200 px-4 py-2.5 rounded-[100px] relative flex gap-4 items-center border border-grey-100"
      data-testid="input-card"
    >
       
      <img
        alt="Search Icon"
        class="icon-invert h-6 w-6"
        src="/images/searchV2Icon.svg"
      />
       
      <input
        class="input input-ghost h-[30px] w-full text-base p-0 font-normal text-grey-800 focus:outline-none focus-within:border-b-2 focus-within:text-grey-800 focus:bg-transparent disabled:text-blue-500 placeholder-[#A8A8A8] hideInputNumberAppearance"
        id="address-display"
        placeholder="Search..."
        prefix="0x"
      />
    </div>
    <!--&lt;InputCard&gt;-->
    <!--&lt;SearchBar&gt;-->
  </div>
</body>
`;
