// Vitest Snapshot v1, https://vitest.dev/guide/snapshot.html

exports[`AmountInputWithTitle > render's the component properly 1`] = `
<body>
  <div>
    <div
      class=" w-full rounded-lg bg-base-200 p-4"
      data-testid="input-card"
    >
      <div
        class="flex items-center gap-1"
      >
        <div
          class=" text-sm font-normal"
          data-testid="text"
        >
          Sample Title
        </div>
        <!--&lt;Text&gt;-->
      </div>
       
      <div
        class="flex items-center"
      >
        <div
          class="text-sm text-primary mt-1 text-base font-normal"
          data-testid="text"
        >
          $
        </div>
        <!--&lt;Text&gt;-->
         
        <input
          autocomplete="off"
          class="hideInputNumberAppearance input input-ghost input-primary text-sm p-0 ml-0.5 placeholder:text-primary/[.2] h-[30px] mt-1"
          id="pond-input-amount"
          placeholder="0.00"
        />
        <!--&lt;AmountInput&gt;-->
         
        <div
          class="text-sm text-primary ml-1 mt-1 text-base font-normal"
          data-testid="text"
        >
          USD
        </div>
        <!--&lt;Text&gt;-->
         
      </div>
    </div>
    <!--&lt;InputCard&gt;-->
    <!--&lt;AmountInputWithTitle&gt;-->
  </div>
</body>
`;
