// Vitest Snapshot v1, https://vitest.dev/guide/snapshot.html

exports[`AmountInputWithMaxButton > render's the component properly 1`] = `
<body>
  <div>
    <div
      class=" w-full rounded-lg bg-base-200 p-4"
      data-testid="input-card"
    >
      <div
        class="flex items-center gap-1"
      >
        <div
          class=" text-sm font-normal"
          data-testid="text"
        >
          Test Title
        </div>
        <!--&lt;Text&gt;-->
         
        <div
          class="tooltip flex shrink-0 text-left font-normal  tooltip-secondary tooltip-right"
          data-tip="Info Tooltip"
        >
          <img
            alt="Info"
            src="/images/alert.svg"
            width="14px"
          />
        </div>
        <!--&lt;TooltipIcon&gt;-->
      </div>
       
      <form>
        <div
          class="flex items-center gap-2"
        >
          <input
            autocomplete="off"
            class="hideInputNumberAppearance input input-ghost input-primary text-[1.4rem] p-0 ml-0.5 placeholder:text-primary/[.2]"
            disabled=""
            id="pond-input-amount"
            placeholder="0.00"
          />
          <!--&lt;AmountInput&gt;-->
           
        </div>
         
      </form>
    </div>
    <!--&lt;InputCard&gt;-->
    <!--&lt;AmountInputWithMaxButton&gt;-->
  </div>
</body>
`;
