// Vitest Snapshot v1, https://vitest.dev/guide/snapshot.html

exports[`Modal Component > render's modal correctly 1`] = `
<div>
  <input
    class="modal-toggle"
    id="test-modal"
    tabindex="-1"
    type="checkbox"
  />
   
  <div
    class="modal"
    data-testid="modal"
  >
    <div
      class="modal-box flex flex-col rounded-3xl bg-white-100 p-0 drop-shadow-sm w-11/12 sm:w-3/4 sm:max-w-[607px] overflow-x-hidden overflow-y-visible svelte-pk631a"
    >
      <div
        class="modal-header sticky top-0 z-10 flex items-center justify-between bg-white-100 px-6 pt-6 svelte-pk631a"
      >
        <div
          class="flex w-full flex-col"
        >
           
           
           
           
        </div>
         
        <button
          class="flex h-[54px] w-[54px] shrink-0 cursor-pointer items-center justify-center self-baseline rounded-full border border-grey-100 bg-secondary-content text-sm font-bold text-gray-300"
          data-testid="modal-close-button"
        >
          <img
            alt="Close"
            class="icon-invert"
            src="/images/closeIcon.svg"
          />
        </button>
      </div>
       
      <div
        class="modal-body px-6 pt-4 pb-6 svelte-pk631a"
      />
       
       
    </div>
  </div>
</div>
`;
