// Vitest Snapshot v1, https://vitest.dev/guide/snapshot.html

exports[`Back button > renders the back button component properly 1`] = `
<body>
  <div>
    <a
      class="flex gap-2 text-primary h-14 text-base font-semibold items-center disabled:cursor-not-allowed"
      data-testid="back-button"
    >
      <img
        alt="Back"
        src="/images/left-blue-arrow.svg"
        width="12"
      />
       
      Back
    </a>
    <!--&lt;BackButton&gt;-->
  </div>
</body>
`;

exports[`CollapseButton > renders the collapse button component properly 1`] = `
<body>
  <div>
    <button
      class=" btn btn-xs btn-circle p-0 bg-base-300 hover:bg-base-300 border-none disabled:bg-base-200 disabled:cursor-not-allowed"
      data-testid="collapse-button"
      id=""
    >
      <svg
        aria-label=""
        class="fa-icon icon-primary s-T5YyQewRBd7n"
        data-testid="icon"
        height="16"
        role="presentation"
        style="width:12px; height:12px; cursor:pointer;  "
        version="1.1"
        viewBox="0 0 1792 1792"
        width="16"
      >
        <path
          d="M1683 808l-742 741q-19 19-45 19t-45-19l-742-741q-19-19-19-45.5t19-45.5l166-165q19-19 45-19t45 19l531 531 531-531q19-19 45-19t45 19l166 165q19 19 19 45.5t-19 45.5z"
        />
         
         
        
      </svg>
      <!--&lt;Svg&gt;-->
      <!--&lt;Icon&gt;-->
      <!--&lt;Icon&gt;-->
    </button>
    <!--&lt;CollapseButton&gt;-->
  </div>
</body>
`;

exports[`Max Button > renders the max button component properly 1`] = `
<body>
  <div>
    <button
      class="btn btn-sm btn-text btn-ghost p-0 bg-transparent hover:bg-transparent font-bold text-primary tracking-widest disabled:text-primary disabled:cursor-not-allowed"
    >
      MAX
    </button>
    <!--&lt;MaxButton&gt;-->
  </div>
</body>
`;
