// Vitest Snapshot v1, https://vitest.dev/guide/snapshot.html

exports[`TableComponent > render's table correctly 1`] = `
<body>
  <div>
    <div
      class="overflow-x-auto overflow-y-hidden px-8 py-6 custom-table-style"
      data-testid="table-container"
    >
      <table
        class="w-full text-center"
      >
        <thead
          class="w-full"
        >
          <tr>
            <th>
              <div
                class="mt-0.5 flex flex-nowrap items-center justify-center gap-1 text-center text-xs text-primary xl:text-sm custom-heading-style"
              >
                <div
                  class="relative flex items-start gap-1"
                >
                  <span
                    class="w-fit tracking-widest"
                  >
                    Heading 1
                  </span>
                   
                </div>
              </div>
              <!--&lt;TableHeadingText&gt;-->
               
            </th>
            <th>
              <div
                class="mt-0.5 flex flex-nowrap items-center justify-center gap-1 text-center text-xs text-primary xl:text-sm custom-heading-style"
              >
                <div
                  class="relative flex items-start gap-1"
                >
                  <span
                    class="w-fit tracking-widest"
                  >
                    Heading 2
                  </span>
                   
                </div>
              </div>
              <!--&lt;TableHeadingText&gt;-->
               
            </th>
            <th>
              <div
                class="mt-0.5 flex flex-nowrap items-center justify-center gap-1 text-center text-xs text-primary xl:text-sm custom-heading-style"
              >
                <div
                  class="relative flex items-start gap-1"
                >
                  <span
                    class="w-fit tracking-widest"
                  >
                    Heading 3
                  </span>
                   
                </div>
              </div>
              <!--&lt;TableHeadingText&gt;-->
               
            </th>
          </tr>
        </thead>
         
      </table>
    </div>
    <!--&lt;Table&gt;-->
  </div>
</body>
`;
