// Vitest Snapshot v1, https://vitest.dev/guide/snapshot.html

exports[`ImageComponent > renders an image with the correct src and alt 1`] = `
<body>
  <div>
    <img
      alt="A test image"
      class="primary-img s-jqivLxfXFImT"
      src="test-image.jpg"
      width="13"
    />
    <!--&lt;ImageColored&gt;-->
  </div>
</body>
`;
