// Vitest Snapshot v1, https://vitest.dev/guide/snapshot.html

exports[`InputCard component > applies the correct classes for primary variant 1`] = `
<div>
  <div
    class="w-full bg-white px-6 py-[30px] rounded-3xl border border-[#D9DADE]"
    data-testid="input-card"
  />
  <!--&lt;InputCard&gt;-->
</div>
`;
