// Vitest Snapshot v1, https://vitest.dev/guide/snapshot.html

exports[`Button > renders a button successfully 1`] = `
<button
  class=" h-12 btn btn-theme btn-sm items-center flex justify-center disabled:cursor-not-allowed btn-primary disabled:bg-primary disabled:bg-opacity-60 disabled:text-white gap-1.5"
>
   
</button>
`;
