// Vitest Snapshot v1, https://vitest.dev/guide/snapshot.html

exports[`Table Cells > renders TableDataCell successfully 1`] = `
<body>
  <div>
    <td
      class="border-b border-[#D9DADE] font-normal whitespace-nowrap last:border-b-0 table-data-test-class"
      data-testid="table-data-cell"
    />
    <!--&lt;TableDataCell&gt;-->
  </div>
</body>
`;

exports[`Table Cells > renders TableDataWithButton successfully 1`] = `
<body>
  <div>
    <td
      class="table-data-with-button-test-class"
      data-testid="table-data-with-button"
    >
      <div
        class="border-b border-[#D9DADE] font-normal whitespace-nowrap last:border-b-0"
      >
        <div
          class="m-auto flex h-[35px] items-center"
        />
      </div>
    </td>
    <!--&lt;TableDataWithButton&gt;-->
  </div>
</body>
`;
